EXECUTED_PROGRAM

ret > ExitSuccess
out > Warning : There are postulates that have not been defined :
out > Agda.Builtin.TrustMe.unsafePrimTrustMe
out > 1
