EXECUTED_PROGRAM

ret > ExitSuccess
out > ha
out >
